100001
100002
100003
100004

101005
102006
103007

104008
105009
106010
107011

_ 100012
_ 108013
